[debug] [2026-07-10T12:40:35.970Z] ----------------------------------------------------------------------
[debug] [2026-07-10T12:40:35.972Z] Command:       C:\Program Files\nodejs\node.exe C:\Users\Shime\AppData\Roaming\npm\node_modules\firebase-tools\lib\bin\firebase.js serve --only functions
[debug] [2026-07-10T12:40:35.972Z] CLI Version:   15.22.4
[debug] [2026-07-10T12:40:35.972Z] Platform:      win32
[debug] [2026-07-10T12:40:35.972Z] Node Version:  v26.2.0
[debug] [2026-07-10T12:40:35.972Z] Detected Agent: antigravity
[debug] [2026-07-10T12:40:35.972Z] Time:          Fri Jul 10 2026 07:40:35 GMT-0500 (Central Daylight Time)
[debug] [2026-07-10T12:40:35.972Z] ----------------------------------------------------------------------
[debug] 
[debug] [2026-07-10T12:40:40.159Z] > command requires scopes: ["email","openid","https://www.googleapis.com/auth/cloudplatformprojects.readonly","https://www.googleapis.com/auth/firebase","https://www.googleapis.com/auth/cloud-platform"]
[debug] [2026-07-10T12:40:40.160Z] > authorizing via signed-in user (shimeong@gmail.com)
[debug] [2026-07-10T12:40:40.160Z] [iam] checking project nola-visual-arts-1f3cf for permissions ["firebase.projects.get"]
[debug] [2026-07-10T12:40:40.161Z] Checked if tokens are valid: false, expires at: 1783666640058
[debug] [2026-07-10T12:40:40.161Z] Checked if tokens are valid: false, expires at: 1783666640058
[debug] [2026-07-10T12:40:40.162Z] > refreshing access token with scopes: []
[debug] [2026-07-10T12:40:40.163Z] >>> [apiv2][query] POST https://www.googleapis.com/oauth2/v3/token [none]
[debug] [2026-07-10T12:40:40.163Z] >>> [apiv2][body] POST https://www.googleapis.com/oauth2/v3/token [omitted]
[debug] [2026-07-10T12:40:40.387Z] <<< [apiv2][status] POST https://www.googleapis.com/oauth2/v3/token 200
[debug] [2026-07-10T12:40:40.388Z] <<< [apiv2][body] POST https://www.googleapis.com/oauth2/v3/token [omitted]
[debug] [2026-07-10T12:40:40.398Z] >>> [apiv2][query] POST https://cloudresourcemanager.googleapis.com/v1/projects/nola-visual-arts-1f3cf:testIamPermissions [none]
[debug] [2026-07-10T12:40:40.398Z] >>> [apiv2][(partial)header] POST https://cloudresourcemanager.googleapis.com/v1/projects/nola-visual-arts-1f3cf:testIamPermissions  x-goog-user-project=nola-visual-arts-1f3cf
[debug] [2026-07-10T12:40:40.398Z] >>> [apiv2][body] POST https://cloudresourcemanager.googleapis.com/v1/projects/nola-visual-arts-1f3cf:testIamPermissions {"permissions":["firebase.projects.get"]}
[debug] [2026-07-10T12:40:40.615Z] <<< [apiv2][status] POST https://cloudresourcemanager.googleapis.com/v1/projects/nola-visual-arts-1f3cf:testIamPermissions 200
[debug] [2026-07-10T12:40:40.615Z] <<< [apiv2][body] POST https://cloudresourcemanager.googleapis.com/v1/projects/nola-visual-arts-1f3cf:testIamPermissions {"permissions":["firebase.projects.get"]}
[debug] [2026-07-10T12:40:40.617Z] Checked if tokens are valid: true, expires at: 1783690839388
[debug] [2026-07-10T12:40:40.617Z] Checked if tokens are valid: true, expires at: 1783690839388
[debug] [2026-07-10T12:40:40.617Z] >>> [apiv2][query] GET https://cloudresourcemanager.googleapis.com/v1/projects/nola-visual-arts-1f3cf [none]
[debug] [2026-07-10T12:40:40.701Z] <<< [apiv2][status] GET https://cloudresourcemanager.googleapis.com/v1/projects/nola-visual-arts-1f3cf 200
[debug] [2026-07-10T12:40:40.701Z] <<< [apiv2][body] GET https://cloudresourcemanager.googleapis.com/v1/projects/nola-visual-arts-1f3cf {"projectNumber":"204567994817","projectId":"nola-visual-arts-1f3cf","lifecycleState":"ACTIVE","name":"Nola Visual Arts","labels":{"firebase":"enabled","firebase-core":"disabled"},"createTime":"2026-05-25T22:47:33.383Z","configuredCapabilities":["projects/204567994817/capabilities/app-management","projects/204567994817/capabilities/app-management"]}
[warn] !  functions: Application Default Credentials detected. Non-emulated services will access production using these credentials. Be careful! {"metadata":{"emulator":{"name":"functions"},"message":"Application Default Credentials detected. Non-emulated services will access production using these credentials. Be careful!"}}
[debug] [2026-07-10T12:40:43.416Z] Checked if tokens are valid: true, expires at: 1783690839388
[debug] [2026-07-10T12:40:43.416Z] Checked if tokens are valid: true, expires at: 1783690839388
[debug] [2026-07-10T12:40:43.416Z] >>> [apiv2][query] GET https://firebase.googleapis.com/v1beta1/projects/nola-visual-arts-1f3cf/adminSdkConfig [none]
[debug] [2026-07-10T12:40:43.708Z] <<< [apiv2][status] GET https://firebase.googleapis.com/v1beta1/projects/nola-visual-arts-1f3cf/adminSdkConfig 200
[debug] [2026-07-10T12:40:43.708Z] <<< [apiv2][body] GET https://firebase.googleapis.com/v1beta1/projects/nola-visual-arts-1f3cf/adminSdkConfig {"projectId":"nola-visual-arts-1f3cf","storageBucket":"nola-visual-arts-1f3cf.firebasestorage.app"}
[info] i  functions: Watching "C:\Users\Shime\no-signal-app\functions" for Cloud Functions... {"metadata":{"emulator":{"name":"functions"},"message":"Watching \"C:\\Users\\Shime\\no-signal-app\\functions\" for Cloud Functions..."}}
[debug] [2026-07-10T12:40:43.720Z] Validating nodejs source
[debug] [2026-07-10T12:40:45.355Z] > [functions] package.json contents: {
  "name": "functions",
  "description": "Cloud Functions for Firebase",
  "scripts": {
    "serve": "firebase serve --only functions",
    "shell": "firebase functions:shell",
    "start": "npm run shell",
    "deploy": "firebase deploy --only functions",
    "logs": "firebase functions:log"
  },
  "engines": {
    "node": "20"
  },
  "main": "index.js",
  "dependencies": {
    "axios": "^1.7.2",
    "firebase-admin": "^13.0.0",
    "firebase-functions": "^7.2.5"
  },
  "private": true,
  "allowScripts": {
    "protobufjs@7.6.5": true,
    "@firebase/util@1.15.1": true
  }
}
[debug] [2026-07-10T12:40:45.356Z] Building nodejs source
[debug] [2026-07-10T12:40:45.356Z] Failed to find version of module node: reached end of search path C:\Users\Shime\no-signal-app\functions\node_modules
[warn] !  functions: Your requested "node" version "20" doesn't match your global version "26". Using node@26 from host. 
[info] i  functions: Loaded environment variables from .env. 
[debug] [2026-07-10T12:40:45.359Z] Could not find functions.yaml. Must use http discovery
[debug] [2026-07-10T12:40:45.365Z] Found firebase-functions binary at 'C:\Users\Shime\no-signal-app\functions\node_modules\.bin\firebase-functions'
[info] Serving at port 8326

[debug] [2026-07-10T12:40:46.248Z] Got response from /__/functions.yaml {"endpoints":{"dailyGigScraper":{"availableMemoryMb":null,"timeoutSeconds":null,"minInstances":null,"maxInstances":null,"ingressSettings":null,"concurrency":null,"serviceAccountEmail":null,"vpc":null,"platform":"gcfv2","labels":{},"scheduleTrigger":{"schedule":"0 8 * * *","retryConfig":{},"timeZone":"America/Chicago"},"entryPoint":"dailyGigScraper"}},"specVersion":"v1alpha1","requiredAPIs":[{"api":"cloudscheduler.googleapis.com","reason":"Needed for scheduled functions."}],"extensions":{}}
