[debug] [2026-08-06T17:09:21.216Z] ----------------------------------------------------------------------
[debug] [2026-08-06T17:09:21.218Z] Command:       C:\Program Files\nodejs\node.exe C:\Users\Shime\AppData\Roaming\npm\node_modules\firebase-tools\lib\bin\firebase.js init functions
[debug] [2026-08-06T17:09:21.218Z] CLI Version:   15.24.0
[debug] [2026-08-06T17:09:21.218Z] Platform:      win32
[debug] [2026-08-06T17:09:21.218Z] Node Version:  v26.2.0
[debug] [2026-08-06T17:09:21.218Z] Detected Agent: unknown
[debug] [2026-08-06T17:09:21.219Z] Time:          Thu Aug 06 2026 12:09:21 GMT-0500 (Central Daylight Time)
[debug] [2026-08-06T17:09:21.219Z] ----------------------------------------------------------------------
[debug] 
[info] 
     ######## #### ########  ######## ########     ###     ######  ########
     ##        ##  ##     ## ##       ##     ##  ##   ##  ##       ##
     ######    ##  ########  ######   ########  #########  ######  ######
     ##        ##  ##    ##  ##       ##     ## ##     ##       ## ##
     ##       #### ##     ## ######## ########  ##     ##  ######  ########

You're about to initialize a Firebase project in this directory:

  C:\Users\Shime\no-signal-app

Before we get started, keep in mind:

  * You are initializing within an existing Firebase project directory

[info] 
=== Project Setup
[info] 
[info] First, let's associate this project directory with a Firebase project.
[info] You can create multiple project aliases by running firebase use --add, 
[info] 
[debug] [2026-08-06T17:11:21.010Z] > command requires scopes: ["email","openid","https://www.googleapis.com/auth/cloudplatformprojects.readonly","https://www.googleapis.com/auth/firebase","https://www.googleapis.com/auth/cloud-platform"]
[debug] [2026-08-06T17:11:21.010Z] > authorizing via signed-in user (shimeong@gmail.com)
[debug] [2026-08-06T17:11:21.031Z] Checked if tokens are valid: false, expires at: 1785993135921
[debug] [2026-08-06T17:11:21.031Z] Checked if tokens are valid: false, expires at: 1785993135921
[debug] [2026-08-06T17:11:21.031Z] > refreshing access token with scopes: []
[debug] [2026-08-06T17:11:21.033Z] >>> [apiv2][query] POST https://www.googleapis.com/oauth2/v3/token [none]
[debug] [2026-08-06T17:11:21.033Z] >>> [apiv2][body] POST https://www.googleapis.com/oauth2/v3/token [omitted]
[debug] [2026-08-06T17:11:21.235Z] <<< [apiv2][status] POST https://www.googleapis.com/oauth2/v3/token 200
[debug] [2026-08-06T17:11:21.235Z] <<< [apiv2][body] POST https://www.googleapis.com/oauth2/v3/token [omitted]
[debug] [2026-08-06T17:11:21.246Z] >>> [apiv2][query] GET https://firebase.googleapis.com/v1beta1/projects/nola-visual-arts-1f3cf [none]
[debug] [2026-08-06T17:11:21.536Z] <<< [apiv2][status] GET https://firebase.googleapis.com/v1beta1/projects/nola-visual-arts-1f3cf 200
[debug] [2026-08-06T17:11:21.537Z] <<< [apiv2][body] GET https://firebase.googleapis.com/v1beta1/projects/nola-visual-arts-1f3cf {"projectId":"nola-visual-arts-1f3cf","projectNumber":"204567994817","displayName":"Nola Visual Arts","name":"projects/nola-visual-arts-1f3cf","resources":{"hostingSite":"nola-visual-arts-1f3cf"},"state":"ACTIVE","labels":{"firebase":"enabled","firebaseworkflows/environment":"unspecified"},"etag":"1_48324e34-341f-4ef7-a043-d1e2f587253d"}
[info] i  Using project nola-visual-arts-1f3cf (Nola Visual Arts) . 
[info] 
=== Functions Setup
[debug] [2026-08-06T17:11:21.548Z] > command requires scopes: ["email","openid","https://www.googleapis.com/auth/cloudplatformprojects.readonly","https://www.googleapis.com/auth/firebase","https://www.googleapis.com/auth/cloud-platform"]
[debug] [2026-08-06T17:11:21.548Z] > authorizing via signed-in user (shimeong@gmail.com)
[debug] [2026-08-06T17:11:21.549Z] [iam] checking project nola-visual-arts-1f3cf for permissions ["firebase.projects.get"]
[debug] [2026-08-06T17:11:21.549Z] Checked if tokens are valid: true, expires at: 1786039880235
[debug] [2026-08-06T17:11:21.549Z] Checked if tokens are valid: true, expires at: 1786039880235
[debug] [2026-08-06T17:11:21.550Z] >>> [apiv2][query] POST https://cloudresourcemanager.googleapis.com/v1/projects/nola-visual-arts-1f3cf:testIamPermissions [none]
[debug] [2026-08-06T17:11:21.550Z] >>> [apiv2][(partial)header] POST https://cloudresourcemanager.googleapis.com/v1/projects/nola-visual-arts-1f3cf:testIamPermissions  x-goog-user-project=nola-visual-arts-1f3cf
[debug] [2026-08-06T17:11:21.550Z] >>> [apiv2][body] POST https://cloudresourcemanager.googleapis.com/v1/projects/nola-visual-arts-1f3cf:testIamPermissions {"permissions":["firebase.projects.get"]}
[debug] [2026-08-06T17:11:21.791Z] <<< [apiv2][status] POST https://cloudresourcemanager.googleapis.com/v1/projects/nola-visual-arts-1f3cf:testIamPermissions 200
[debug] [2026-08-06T17:11:21.791Z] <<< [apiv2][body] POST https://cloudresourcemanager.googleapis.com/v1/projects/nola-visual-arts-1f3cf:testIamPermissions {"permissions":["firebase.projects.get"]}
[info] 
Detected existing codebase(s): default

[info] Let's create a new codebase for your functions.
[info] A directory corresponding to the codebase will be created in your project
[info] with sample code pre-configured.

[info] See https://firebase.google.com/docs/functions/organize-functions for
[info] more information on organizing your functions using codebases.

[info] Functions can be deployed with firebase deploy.

